I'm sorry, but errors were detected in your script. Please correct the
errors listed below, and try again.


File "game/script.rpy", line 37: Line is indented, but the preceding say statement statement does not expect a block. Please check this line's indentation.
    return
    ^

Ren'Py Version: Ren'Py 8.0.3.22090809
Tue Feb 28 12:52:32 2023
